00:05:57 **** Incremental Build of configuration Debug for project TempMonitorApp ****
make -j8 all 
arm-none-eabi-gcc "../core/libs/utils/src/m_lib_util_debounce_state_machine.c" -mcpu=cortex-m4 -std=gnu11 -g3 -DDEBUG -DUSE_HAL_DRIVER -DSTM32F429xx -c -I../core -I../core/hal/stm32f4/Inc/Legacy -I../core/hal/stm32f4/Inc -I../core/hal/stm32f4/setup/Inc -I../core/libs/CMSIS/Device/ST/STM32F4xx/Include -I../core/libs/CMSIS/Include -I../core/ddt -I../core/bsp/stm32f4/inc -I../core/app/inc -I../core/libs/utils/inc -I../core/drivers/inc -O0 -ffunction-sections -fdata-sections -Wall -fstack-usage -fcyclomatic-complexity -MMD -MP -MF"core/libs/utils/src/m_lib_util_debounce_state_machine.d" -MT"core/libs/utils/src/m_lib_util_debounce_state_machine.o" --specs=nano.specs -mfpu=fpv4-sp-d16 -mfloat-abi=hard -mthumb -o "core/libs/utils/src/m_lib_util_debounce_state_machine.o"
arm-none-eabi-gcc "../core/libs/utils/src/m_lib_util_delay_processor.c" -mcpu=cortex-m4 -std=gnu11 -g3 -DDEBUG -DUSE_HAL_DRIVER -DSTM32F429xx -c -I../core -I../core/hal/stm32f4/Inc/Legacy -I../core/hal/stm32f4/Inc -I../core/hal/stm32f4/setup/Inc -I../core/libs/CMSIS/Device/ST/STM32F4xx/Include -I../core/libs/CMSIS/Include -I../core/ddt -I../core/bsp/stm32f4/inc -I../core/app/inc -I../core/libs/utils/inc -I../core/drivers/inc -O0 -ffunction-sections -fdata-sections -Wall -fstack-usage -fcyclomatic-complexity -MMD -MP -MF"core/libs/utils/src/m_lib_util_delay_processor.d" -MT"core/libs/utils/src/m_lib_util_delay_processor.o" --specs=nano.specs -mfpu=fpv4-sp-d16 -mfloat-abi=hard -mthumb -o "core/libs/utils/src/m_lib_util_delay_processor.o"
arm-none-eabi-gcc "../core/libs/utils/src/m_lib_util_temp_converter.c" -mcpu=cortex-m4 -std=gnu11 -g3 -DDEBUG -DUSE_HAL_DRIVER -DSTM32F429xx -c -I../core -I../core/hal/stm32f4/Inc/Legacy -I../core/hal/stm32f4/Inc -I../core/hal/stm32f4/setup/Inc -I../core/libs/CMSIS/Device/ST/STM32F4xx/Include -I../core/libs/CMSIS/Include -I../core/ddt -I../core/bsp/stm32f4/inc -I../core/app/inc -I../core/libs/utils/inc -I../core/drivers/inc -O0 -ffunction-sections -fdata-sections -Wall -fstack-usage -fcyclomatic-complexity -MMD -MP -MF"core/libs/utils/src/m_lib_util_temp_converter.d" -MT"core/libs/utils/src/m_lib_util_temp_converter.o" --specs=nano.specs -mfpu=fpv4-sp-d16 -mfloat-abi=hard -mthumb -o "core/libs/utils/src/m_lib_util_temp_converter.o"
arm-none-eabi-gcc "../core/bsp/stm32f4/src/m_bsp_stm32f4.c" -mcpu=cortex-m4 -std=gnu11 -g3 -DDEBUG -DUSE_HAL_DRIVER -DSTM32F429xx -c -I../core -I../core/hal/stm32f4/Inc/Legacy -I../core/hal/stm32f4/Inc -I../core/hal/stm32f4/setup/Inc -I../core/libs/CMSIS/Device/ST/STM32F4xx/Include -I../core/libs/CMSIS/Include -I../core/ddt -I../core/bsp/stm32f4/inc -I../core/app/inc -I../core/libs/utils/inc -I../core/drivers/inc -O0 -ffunction-sections -fdata-sections -Wall -fstack-usage -fcyclomatic-complexity -MMD -MP -MF"core/bsp/stm32f4/src/m_bsp_stm32f4.d" -MT"core/bsp/stm32f4/src/m_bsp_stm32f4.o" --specs=nano.specs -mfpu=fpv4-sp-d16 -mfloat-abi=hard -mthumb -o "core/bsp/stm32f4/src/m_bsp_stm32f4.o"
arm-none-eabi-gcc "../core/bsp/stm32f4/src/m_bsp_stm32f4_nextion_manager.c" -mcpu=cortex-m4 -std=gnu11 -g3 -DDEBUG -DUSE_HAL_DRIVER -DSTM32F429xx -c -I../core -I../core/hal/stm32f4/Inc/Legacy -I../core/hal/stm32f4/Inc -I../core/hal/stm32f4/setup/Inc -I../core/libs/CMSIS/Device/ST/STM32F4xx/Include -I../core/libs/CMSIS/Include -I../core/ddt -I../core/bsp/stm32f4/inc -I../core/app/inc -I../core/libs/utils/inc -I../core/drivers/inc -O0 -ffunction-sections -fdata-sections -Wall -fstack-usage -fcyclomatic-complexity -MMD -MP -MF"core/bsp/stm32f4/src/m_bsp_stm32f4_nextion_manager.d" -MT"core/bsp/stm32f4/src/m_bsp_stm32f4_nextion_manager.o" --specs=nano.specs -mfpu=fpv4-sp-d16 -mfloat-abi=hard -mthumb -o "core/bsp/stm32f4/src/m_bsp_stm32f4_nextion_manager.o"
arm-none-eabi-gcc "../core/bsp/stm32f4/src/m_bsp_stm32f4_push_buttons_manager.c" -mcpu=cortex-m4 -std=gnu11 -g3 -DDEBUG -DUSE_HAL_DRIVER -DSTM32F429xx -c -I../core -I../core/hal/stm32f4/Inc/Legacy -I../core/hal/stm32f4/Inc -I../core/hal/stm32f4/setup/Inc -I../core/libs/CMSIS/Device/ST/STM32F4xx/Include -I../core/libs/CMSIS/Include -I../core/ddt -I../core/bsp/stm32f4/inc -I../core/app/inc -I../core/libs/utils/inc -I../core/drivers/inc -O0 -ffunction-sections -fdata-sections -Wall -fstack-usage -fcyclomatic-complexity -MMD -MP -MF"core/bsp/stm32f4/src/m_bsp_stm32f4_push_buttons_manager.d" -MT"core/bsp/stm32f4/src/m_bsp_stm32f4_push_buttons_manager.o" --specs=nano.specs -mfpu=fpv4-sp-d16 -mfloat-abi=hard -mthumb -o "core/bsp/stm32f4/src/m_bsp_stm32f4_push_buttons_manager.o"
arm-none-eabi-gcc "../core/bsp/stm32f4/src/m_bsp_stm32f4_setup.c" -mcpu=cortex-m4 -std=gnu11 -g3 -DDEBUG -DUSE_HAL_DRIVER -DSTM32F429xx -c -I../core -I../core/hal/stm32f4/Inc/Legacy -I../core/hal/stm32f4/Inc -I../core/hal/stm32f4/setup/Inc -I../core/libs/CMSIS/Device/ST/STM32F4xx/Include -I../core/libs/CMSIS/Include -I../core/ddt -I../core/bsp/stm32f4/inc -I../core/app/inc -I../core/libs/utils/inc -I../core/drivers/inc -O0 -ffunction-sections -fdata-sections -Wall -fstack-usage -fcyclomatic-complexity -MMD -MP -MF"core/bsp/stm32f4/src/m_bsp_stm32f4_setup.d" -MT"core/bsp/stm32f4/src/m_bsp_stm32f4_setup.o" --specs=nano.specs -mfpu=fpv4-sp-d16 -mfloat-abi=hard -mthumb -o "core/bsp/stm32f4/src/m_bsp_stm32f4_setup.o"
arm-none-eabi-gcc "../core/bsp/stm32f4/src/m_bsp_stm32f4_temperature_manager.c" -mcpu=cortex-m4 -std=gnu11 -g3 -DDEBUG -DUSE_HAL_DRIVER -DSTM32F429xx -c -I../core -I../core/hal/stm32f4/Inc/Legacy -I../core/hal/stm32f4/Inc -I../core/hal/stm32f4/setup/Inc -I../core/libs/CMSIS/Device/ST/STM32F4xx/Include -I../core/libs/CMSIS/Include -I../core/ddt -I../core/bsp/stm32f4/inc -I../core/app/inc -I../core/libs/utils/inc -I../core/drivers/inc -O0 -ffunction-sections -fdata-sections -Wall -fstack-usage -fcyclomatic-complexity -MMD -MP -MF"core/bsp/stm32f4/src/m_bsp_stm32f4_temperature_manager.d" -MT"core/bsp/stm32f4/src/m_bsp_stm32f4_temperature_manager.o" --specs=nano.specs -mfpu=fpv4-sp-d16 -mfloat-abi=hard -mthumb -o "core/bsp/stm32f4/src/m_bsp_stm32f4_temperature_manager.o"
arm-none-eabi-gcc "../core/bsp/stm32f4/src/m_bsp_stm32f4_visual_indicators_manager.c" -mcpu=cortex-m4 -std=gnu11 -g3 -DDEBUG -DUSE_HAL_DRIVER -DSTM32F429xx -c -I../core -I../core/hal/stm32f4/Inc/Legacy -I../core/hal/stm32f4/Inc -I../core/hal/stm32f4/setup/Inc -I../core/libs/CMSIS/Device/ST/STM32F4xx/Include -I../core/libs/CMSIS/Include -I../core/ddt -I../core/bsp/stm32f4/inc -I../core/app/inc -I../core/libs/utils/inc -I../core/drivers/inc -O0 -ffunction-sections -fdata-sections -Wall -fstack-usage -fcyclomatic-complexity -MMD -MP -MF"core/bsp/stm32f4/src/m_bsp_stm32f4_visual_indicators_manager.d" -MT"core/bsp/stm32f4/src/m_bsp_stm32f4_visual_indicators_manager.o" --specs=nano.specs -mfpu=fpv4-sp-d16 -mfloat-abi=hard -mthumb -o "core/bsp/stm32f4/src/m_bsp_stm32f4_visual_indicators_manager.o"
arm-none-eabi-gcc "../core/app/src/m_app_main_state_machine.c" -mcpu=cortex-m4 -std=gnu11 -g3 -DDEBUG -DUSE_HAL_DRIVER -DSTM32F429xx -c -I../core -I../core/hal/stm32f4/Inc/Legacy -I../core/hal/stm32f4/Inc -I../core/hal/stm32f4/setup/Inc -I../core/libs/CMSIS/Device/ST/STM32F4xx/Include -I../core/libs/CMSIS/Include -I../core/ddt -I../core/bsp/stm32f4/inc -I../core/app/inc -I../core/libs/utils/inc -I../core/drivers/inc -O0 -ffunction-sections -fdata-sections -Wall -fstack-usage -fcyclomatic-complexity -MMD -MP -MF"core/app/src/m_app_main_state_machine.d" -MT"core/app/src/m_app_main_state_machine.o" --specs=nano.specs -mfpu=fpv4-sp-d16 -mfloat-abi=hard -mthumb -o "core/app/src/m_app_main_state_machine.o"
arm-none-eabi-gcc "../core/app/src/m_app_temp_monitor_core.c" -mcpu=cortex-m4 -std=gnu11 -g3 -DDEBUG -DUSE_HAL_DRIVER -DSTM32F429xx -c -I../core -I../core/hal/stm32f4/Inc/Legacy -I../core/hal/stm32f4/Inc -I../core/hal/stm32f4/setup/Inc -I../core/libs/CMSIS/Device/ST/STM32F4xx/Include -I../core/libs/CMSIS/Include -I../core/ddt -I../core/bsp/stm32f4/inc -I../core/app/inc -I../core/libs/utils/inc -I../core/drivers/inc -O0 -ffunction-sections -fdata-sections -Wall -fstack-usage -fcyclomatic-complexity -MMD -MP -MF"core/app/src/m_app_temp_monitor_core.d" -MT"core/app/src/m_app_temp_monitor_core.o" --specs=nano.specs -mfpu=fpv4-sp-d16 -mfloat-abi=hard -mthumb -o "core/app/src/m_app_temp_monitor_core.o"
arm-none-eabi-gcc -o "TempMonitorApp.elf" @"objects.list"   -mcpu=cortex-m4 -T"C:\Proyectos\LSE\bimester1\PDM_LSE\TempMonitorApp\STM32F429ZITX_FLASH.ld" --specs=nosys.specs -Wl,-Map="TempMonitorApp.map" -Wl,--gc-sections -static --specs=nano.specs -mfpu=fpv4-sp-d16 -mfloat-abi=hard -mthumb -Wl,--start-group -lc -lm -Wl,--end-group
Finished building target: TempMonitorApp.elf
 
arm-none-eabi-size  TempMonitorApp.elf 
arm-none-eabi-objdump -h -S TempMonitorApp.elf  > "TempMonitorApp.list"
   text	   data	    bss	    dec	    hex	filename
  18000	    264	   2504	  20768	   5120	TempMonitorApp.elf
Finished building: default.size.stdout
 
Finished building: TempMonitorApp.list
 
