00:37:24 **** Incremental Build of configuration Debug for project TempMonitorApp ****
make -j8 all 
arm-none-eabi-gcc "../core/app/src/m_app_main_state_machine.c" -mcpu=cortex-m4 -std=gnu11 -g3 -DDEBUG -DUSE_HAL_DRIVER -DSTM32F429xx -c -I../core -I../core/hal/stm32f4/Inc/Legacy -I../core/hal/stm32f4/Inc -I../core/hal/stm32f4/setup/Inc -I../core/libs/CMSIS/Device/ST/STM32F4xx/Include -I../core/libs/CMSIS/Include -I../core/ddt -I../core/bsp/stm32f4/inc -I../core/app/inc -I../core/libs/utils/inc -I../core/drivers/inc -O0 -ffunction-sections -fdata-sections -Wall -fstack-usage -fcyclomatic-complexity -MMD -MP -MF"core/app/src/m_app_main_state_machine.d" -MT"core/app/src/m_app_main_state_machine.o" --specs=nano.specs -mfpu=fpv4-sp-d16 -mfloat-abi=hard -mthumb -o "core/app/src/m_app_main_state_machine.o"
arm-none-eabi-gcc "../core/app/src/m_app_temp_monitor_core.c" -mcpu=cortex-m4 -std=gnu11 -g3 -DDEBUG -DUSE_HAL_DRIVER -DSTM32F429xx -c -I../core -I../core/hal/stm32f4/Inc/Legacy -I../core/hal/stm32f4/Inc -I../core/hal/stm32f4/setup/Inc -I../core/libs/CMSIS/Device/ST/STM32F4xx/Include -I../core/libs/CMSIS/Include -I../core/ddt -I../core/bsp/stm32f4/inc -I../core/app/inc -I../core/libs/utils/inc -I../core/drivers/inc -O0 -ffunction-sections -fdata-sections -Wall -fstack-usage -fcyclomatic-complexity -MMD -MP -MF"core/app/src/m_app_temp_monitor_core.d" -MT"core/app/src/m_app_temp_monitor_core.o" --specs=nano.specs -mfpu=fpv4-sp-d16 -mfloat-abi=hard -mthumb -o "core/app/src/m_app_temp_monitor_core.o"
arm-none-eabi-gcc "../core/sysmem.c" -mcpu=cortex-m4 -std=gnu11 -g3 -DDEBUG -DUSE_HAL_DRIVER -DSTM32F429xx -c -I../core -I../core/hal/stm32f4/Inc/Legacy -I../core/hal/stm32f4/Inc -I../core/hal/stm32f4/setup/Inc -I../core/libs/CMSIS/Device/ST/STM32F4xx/Include -I../core/libs/CMSIS/Include -I../core/ddt -I../core/bsp/stm32f4/inc -I../core/app/inc -I../core/libs/utils/inc -I../core/drivers/inc -O0 -ffunction-sections -fdata-sections -Wall -fstack-usage -fcyclomatic-complexity -MMD -MP -MF"core/sysmem.d" -MT"core/sysmem.o" --specs=nano.specs -mfpu=fpv4-sp-d16 -mfloat-abi=hard -mthumb -o "core/sysmem.o"
arm-none-eabi-gcc -o "TempMonitorApp.elf" @"objects.list"   -mcpu=cortex-m4 -T"C:\Proyectos\LSE\bimester1\PDM_LSE\TempMonitorApp\STM32F429ZITX_FLASH.ld" --specs=nosys.specs -Wl,-Map="TempMonitorApp.map" -Wl,--gc-sections -static --specs=nano.specs -mfpu=fpv4-sp-d16 -mfloat-abi=hard -mthumb -Wl,--start-group -lc -lm -Wl,--end-group
Finished building target: TempMonitorApp.elf
 
arm-none-eabi-size  TempMonitorApp.elf 
arm-none-eabi-objdump -h -S TempMonitorApp.elf  > "TempMonitorApp.list"
   text	   data	    bss	    dec	    hex	filename
  17968	    264	   2504	  20736	   5100	TempMonitorApp.elf
Finished building: default.size.stdout
 
Finished building: TempMonitorApp.list
 
